// Jest Snapshot v1, https://goo.gl/fbAQLP

exports[`SearchFilters renders the filter form 1`] = `
<div
  style={
    Object {
      "fontSize": "90%",
      "padding": 5,
    }
  }
>
  <div>
    Journey time (minutes):
  </div>
  <div
    style={
      Object {
        "display": "flex",
        "justifyContent": "space-between",
        "padding": "5px 0",
      }
    }
  >
    <input
      id="minTime"
      onChange={[Function]}
      placeholder="Minimum"
      style={
        Object {
          "border": "1px solid grey",
          "padding": 5,
          "textAlign": "center",
          "width": "45%",
        }
      }
      type="number"
    />
    <input
      id="maxTime"
      onChange={[Function]}
      placeholder="Maximum"
      style={
        Object {
          "border": "1px solid grey",
          "padding": 5,
          "textAlign": "center",
          "width": "45%",
        }
      }
      type="number"
    />
  </div>
</div>
`;
